// Jest Snapshot v1, https://goo.gl/fbAQLP

exports[`component matches snapshot 1`] = `
<section
  className="forgot-password"
>
  <form
    className="forgot-password-form"
  >
    <div
      className="img-container"
    >
      <img
        src="test-file-stub"
      />
    </div>
    <Field
      component={[Function]}
      name="email"
      props={
        Object {
          "disabled": undefined,
          "placeholder": "Enter your email",
          "prefix": <Icon
            spin={false}
            theme="outlined"
            type="mail"
          />,
          "type": "email",
        }
      }
      validate={
        Array [
          [Function],
          [Function],
        ]
      }
    />
    <div
      className="btn-container"
    >
      <Button
        disabled={false}
        htmlType="submit"
        icon="retweet"
        loading={false}
        name="login-btn"
        size="default"
        type="primary"
        value="Reset"
      />
    </div>
    <div
      className="btn-container"
    >
      <Button
        disabled={false}
        ghost={true}
        htmlType="button"
        icon="left"
        loading={false}
        name="go-back-btn"
        onClick={[Function]}
        size="default"
        type="primary"
        value="Go back"
      />
    </div>
  </form>
</section>
`;
